[themes.webmasterdriver.net/BeEventwp/home-2/index.html]
[backblue.gif]
[fade.gif]
[index.html]
[themes.webmasterdriver.net/BeEventwp/wp-content/uploads/2016/12/apple-touch-icon-72-precomposed.png]
[themes.webmasterdriver.net/BeEventwp/wp-includes/js/jquery/jqueryb8ff.js]
[themes.webmasterdriver.net/BeEventwp/wp-includes/js/jquery/jquery-migrate.min330a.js]
[themes.webmasterdriver.net/BeEventwp/wp-content/themes/beevent/assets/js/jquery.plugin.min6c42.js]
[themes.webmasterdriver.net/BeEventwp/wp-content/themes/beevent/assets/js/jquery.countdown.min6c42.js]
[themes.webmasterdriver.net/BeEventwp/wp-content/uploads/2016/12/banner_bg2f41b.jpg]
[themes.webmasterdriver.net/BeEventwp/wp-content/uploads/2016/12/logo.png]
[themes.webmasterdriver.net/BeEventwp/wp-content/uploads/2016/12/about-event-img4-300x300.jpg]
[themes.webmasterdriver.net/BeEventwp/wp-content/uploads/2016/12/about-event-img3-300x300.jpg]
[themes.webmasterdriver.net/BeEventwp/wp-content/uploads/2016/12/about-event-img2-300x300.jpg]
[themes.webmasterdriver.net/BeEventwp/wp-content/uploads/2016/12/about-event-img1-300x300.jpg]
[themes.webmasterdriver.net/BeEventwp/wp-content/uploads/2017/02/event-slider-img-2-2.jpg]
[themes.webmasterdriver.net/BeEventwp/wp-content/uploads/2017/02/event-slider-img-3-2.jpg]
[themes.webmasterdriver.net/BeEventwp/wp-content/uploads/2017/02/event-slider-img-1-1.jpg]
[php.webmasterdriver.net/BeEvent/wp-content/uploads/2016/12/schedule_speaker_2.jpg]
[php.webmasterdriver.net/BeEvent/wp-content/uploads/2016/12/schedule_speaker_1.jpg]
[themes.webmasterdriver.net/BeEventwp/wp-content/uploads/2016/12/spearker_6-300x300.jpg]
[themes.webmasterdriver.net/BeEventwp/wp-content/uploads/2016/12/spearker_7-300x300.jpg]
[themes.webmasterdriver.net/BeEventwp/wp-content/uploads/2016/12/spearker_8-300x300.jpg]
[themes.webmasterdriver.net/BeEventwp/wp-content/uploads/2016/12/spearker_1-300x300.jpg]
[themes.webmasterdriver.net/BeEventwp/wp-content/uploads/2016/12/spearker_2-300x300.jpg]
[themes.webmasterdriver.net/BeEventwp/wp-content/uploads/2016/12/sponsors-list-3-2.png]
[themes.webmasterdriver.net/BeEventwp/wp-content/uploads/2016/12/sponsors-list-4-2.png]
[themes.webmasterdriver.net/BeEventwp/wp-content/uploads/2016/12/sponsors-list-1-2.png]
[themes.webmasterdriver.net/BeEventwp/wp-content/plugins/contact-form-7/includes/js/scripts5859.js]
[themes.webmasterdriver.net/BeEventwp/wp-content/themes/beevent/assets/js/bootstrap.min7433.js]
[themes.webmasterdriver.net/BeEventwp/wp-content/themes/beevent/assets/js/owl.carousel.min3601.js]
[themes.webmasterdriver.net/BeEventwp/wp-content/themes/beevent/assets/js/beevent-interface8a54.js]
[themes.webmasterdriver.net/BeEventwp/wp-content/themes/beevent/assets/js/jquery.prettyPhoto005e.js]
[themes.webmasterdriver.net/BeEventwp/wp-includes/js/wp-embed.min6c42.js]
[themes.webmasterdriver.net/BeEventwp/wp-content/plugins/js_composer/assets/js/dist/js_composer_front.min972f.js]
[themes.webmasterdriver.net/BeEventwp/wp-content/plugins/js_composer/assets/lib/bower/imagesloaded/imagesloaded.pkgd.min6c42.js]
[themes.webmasterdriver.net/BeEventwp/wp-content/plugins/js_composer/assets/lib/bower/isotope/dist/isotope.pkgd.min972f.js]
[themes.webmasterdriver.net/BeEventwp/wp-includes/js/jquery/ui/core.mine899.js]
[themes.webmasterdriver.net/BeEventwp/wp-includes/js/jquery/ui/widget.mine899.js]
[themes.webmasterdriver.net/BeEventwp/wp-includes/js/jquery/ui/tabs.mine899.js]
[themes.webmasterdriver.net/BeEventwp/wp-content/plugins/js_composer/assets/lib/bower/jquery-ui-tabs-rotate/jquery-ui-tabs-rotate.min972f.js]
[themes.webmasterdriver.net/BeEventwp/wp-includes/js/jquery/ui/accordion.mine899.js]
[themes.webmasterdriver.net/BeEventwp/wp-content/plugins/js_composer/assets/lib/prettyphoto/js/jquery.prettyPhoto.min972f.js]
[themes.webmasterdriver.net/BeEventwp/wp-content/plugins/js_composer/assets/lib/owl-carousel2-dist/owl.carousel.min972f.js]
[themes.webmasterdriver.net/BeEventwp/wp-includes/js/underscore.min4511.js]
[themes.webmasterdriver.net/BeEventwp/wp-content/plugins/js_composer/assets/lib/waypoints/waypoints.min972f.js]
[themes.webmasterdriver.net/BeEventwp/wp-content/plugins/js_composer/assets/js/dist/vc_grid.min972f.js]
[themes.webmasterdriver.net/BeEventwp/wp-content/plugins/mailchimp-for-wp/assets/js/forms-api.minf8f5.js]
[img1.wsimg.com/tcc/tcc_l.combined.1.0.6.min.js]
[themes.webmasterdriver.net/BeEventwp/home-2/index.html]
[themes.webmasterdriver.net/BeEventwp/wp-content/plugins/contact-form-7/images/ajax-loader.gif]
[themes.webmasterdriver.net/BeEventwp/wp-content/plugins/contact-form-7/includes/css/styles5859.css]
[themes.webmasterdriver.net/BeEventwp/wp-content/themes/beevent/style6c42.css]
[themes.webmasterdriver.net/BeEventwp/wp-content/themes/beevent/assets/css/bootstrap.min7433.css]
[themes.webmasterdriver.net/BeEventwp/wp-content/themes/beevent/assets/images/our-conference-bg.jpg]
[themes.webmasterdriver.net/BeEventwp/wp-content/themes/beevent/assets/images/conference-start-box-bg.jpg]
[themes.webmasterdriver.net/BeEventwp/wp-content/themes/beevent/assets/images/schedule_bg.jpg]
[themes.webmasterdriver.net/BeEventwp/wp-content/themes/beevent/assets/images/pricing_bg.jpg]
[themes.webmasterdriver.net/BeEventwp/wp-content/themes/beevent/assets/images/faq-video-box-bg.jpg]
[themes.webmasterdriver.net/BeEventwp/wp-content/themes/beevent/assets/images/faq_bg.jpg]
[themes.webmasterdriver.net/BeEventwp/wp-content/themes/beevent/assets/images/sponsor_bg.jpg]
[themes.webmasterdriver.net/BeEventwp/wp-content/themes/beevent/assets/images/venue_bg.jpg]
[themes.webmasterdriver.net/BeEventwp/wp-content/themes/beevent/assets/css/beevent-styleae82.css]
[themes.webmasterdriver.net/BeEventwp/wp-content/themes/beevent/assets/css/owl.video.play.png]
[themes.webmasterdriver.net/BeEventwp/wp-content/themes/beevent/assets/css/owl.carousel3601.css]
[themes.webmasterdriver.net/BeEventwp/wp-content/themes/beevent/assets/css/owl.transitions3601.css]
[themes.webmasterdriver.net/BeEventwp/wp-content/plugins/js_composer/assets/lib/bower/font-awesome/css/font-awesome.min972f.css]
[themes.webmasterdriver.net/BeEventwp/wp-content/themes/beevent/assets/images/prettyPhoto/default/sprite.png]
[themes.webmasterdriver.net/BeEventwp/wp-content/themes/beevent/assets/images/prettyPhoto/default/sprite_x.png]
[themes.webmasterdriver.net/BeEventwp/wp-content/themes/beevent/assets/images/prettyPhoto/default/sprite_y.png]
[themes.webmasterdriver.net/BeEventwp/wp-content/themes/beevent/assets/images/prettyPhoto/default/sprite_next.png]
[themes.webmasterdriver.net/BeEventwp/wp-content/themes/beevent/assets/images/prettyPhoto/default/sprite_prev.png]
[themes.webmasterdriver.net/BeEventwp/wp-content/themes/beevent/assets/images/prettyPhoto/default/default_thumb.png]
[themes.webmasterdriver.net/BeEventwp/wp-content/themes/beevent/assets/images/prettyPhoto/default/loader.gif]
[themes.webmasterdriver.net/BeEventwp/wp-content/themes/beevent/assets/images/prettyPhoto/light_rounded/sprite.4c.delayed]
[themes.webmasterdriver.net/BeEventwp/wp-content/themes/beevent/assets/images/prettyPhoto/light_rounded/btnNext.png]
[themes.webmasterdriver.net/BeEventwp/wp-content/themes/beevent/assets/images/prettyPhoto/light_rounded/btnPrevious.png]
[themes.webmasterdriver.net/BeEventwp/wp-content/themes/beevent/assets/images/prettyPhoto/light_rounded/loader.gif]
[themes.webmasterdriver.net/BeEventwp/wp-content/themes/beevent/assets/images/prettyPhoto/dark_rounded/sprite.png]
[themes.webmasterdriver.net/BeEventwp/wp-content/themes/beevent/assets/images/prettyPhoto/dark_rounded/contentPattern.png]
[themes.webmasterdriver.net/BeEventwp/wp-content/themes/beevent/assets/images/prettyPhoto/dark_rounded/btnNext.png]
[themes.webmasterdriver.net/BeEventwp/wp-content/themes/beevent/assets/images/prettyPhoto/dark_rounded/btnPrevious.png]
[themes.webmasterdriver.net/BeEventwp/wp-content/themes/beevent/assets/images/prettyPhoto/dark_rounded/loader.gif]
[themes.webmasterdriver.net/BeEventwp/wp-content/themes/beevent/assets/images/prettyPhoto/dark_square/loader.gif]
[themes.webmasterdriver.net/BeEventwp/wp-content/themes/beevent/assets/images/prettyPhoto/dark_square/sprite.png]
[themes.webmasterdriver.net/BeEventwp/wp-content/themes/beevent/assets/images/prettyPhoto/dark_square/btnNext.png]
[themes.webmasterdriver.net/BeEventwp/wp-content/themes/beevent/assets/images/prettyPhoto/dark_square/btnPrevious.png]
[themes.webmasterdriver.net/BeEventwp/wp-content/themes/beevent/assets/images/prettyPhoto/light_square/sprite.png]
[themes.webmasterdriver.net/BeEventwp/wp-content/themes/beevent/assets/images/prettyPhoto/light_square/btnNext.png]
[themes.webmasterdriver.net/BeEventwp/wp-content/themes/beevent/assets/images/prettyPhoto/light_square/btnPrevious.png]
[themes.webmasterdriver.net/BeEventwp/wp-content/themes/beevent/assets/images/prettyPhoto/facebook/sprite.png]
[themes.webmasterdriver.net/BeEventwp/wp-content/themes/beevent/assets/images/prettyPhoto/facebook/contentPatternTop.png]
[themes.webmasterdriver.net/BeEventwp/wp-content/themes/beevent/assets/images/prettyPhoto/facebook/contentPatternLeft.png]
[themes.webmasterdriver.net/BeEventwp/wp-content/themes/beevent/assets/images/prettyPhoto/facebook/contentPatternRight.png]
[themes.webmasterdriver.net/BeEventwp/wp-content/themes/beevent/assets/images/prettyPhoto/facebook/loader.gif]
[themes.webmasterdriver.net/BeEventwp/wp-content/themes/beevent/assets/images/prettyPhoto/facebook/btnNext.png]
[themes.webmasterdriver.net/BeEventwp/wp-content/themes/beevent/assets/images/prettyPhoto/facebook/btnPrevious.png]
[themes.webmasterdriver.net/BeEventwp/wp-content/themes/beevent/assets/images/prettyPhoto/facebook/contentPatternBottom.png]
[themes.webmasterdriver.net/BeEventwp/wp-content/themes/beevent/assets/images/prettyPhoto/facebook/default_thumbnail.gif]
[themes.webmasterdriver.net/BeEventwp/wp-content/themes/beevent/assets/css/prettyPhoto005e.css]
[themes.webmasterdriver.net/BeEventwp/wp-content/plugins/js_composer/assets/vc/alert.png]
[themes.webmasterdriver.net/BeEventwp/wp-content/plugins/js_composer/assets/vc/info.png]
[themes.webmasterdriver.net/BeEventwp/wp-content/plugins/js_composer/assets/vc/tick.png]
[themes.webmasterdriver.net/BeEventwp/wp-content/plugins/js_composer/assets/vc/exclamation.png]
[themes.webmasterdriver.net/BeEventwp/wp-content/plugins/js_composer/assets/images/icons/address-book.png]
[themes.webmasterdriver.net/BeEventwp/wp-content/plugins/js_composer/assets/images/icons/alarm-clock.png]
[themes.webmasterdriver.net/BeEventwp/wp-content/plugins/js_composer/assets/images/icons/anchor.png]
[themes.webmasterdriver.net/BeEventwp/wp-content/plugins/js_composer/assets/images/icons/application-image.png]
[themes.webmasterdriver.net/BeEventwp/wp-content/plugins/js_composer/assets/images/icons/arrow.png]
[themes.webmasterdriver.net/BeEventwp/wp-content/plugins/js_composer/assets/images/icons/asterisk.png]
[themes.webmasterdriver.net/BeEventwp/wp-content/plugins/js_composer/assets/images/icons/auction-hammer.png]
[themes.webmasterdriver.net/BeEventwp/wp-content/plugins/js_composer/assets/images/icons/balloon.png]
[themes.webmasterdriver.net/BeEventwp/wp-content/plugins/js_composer/assets/images/icons/balloon-buzz.png]
[themes.webmasterdriver.net/BeEventwp/wp-content/plugins/js_composer/assets/images/icons/balloon-facebook.png]
[themes.webmasterdriver.net/BeEventwp/wp-content/plugins/js_composer/assets/images/icons/balloon-twitter.png]
[themes.webmasterdriver.net/BeEventwp/wp-content/plugins/js_composer/assets/images/icons/battery-full.png]
[themes.webmasterdriver.net/BeEventwp/wp-content/plugins/js_composer/assets/images/icons/binocular.png]
[themes.webmasterdriver.net/BeEventwp/wp-content/plugins/js_composer/assets/images/icons/blue-document-excel.png]
[themes.webmasterdriver.net/BeEventwp/wp-content/plugins/js_composer/assets/images/icons/blue-document-image.png]
[themes.webmasterdriver.net/BeEventwp/wp-content/plugins/js_composer/assets/images/icons/blue-document-music.png]
[themes.webmasterdriver.net/BeEventwp/wp-content/plugins/js_composer/assets/images/icons/blue-document-office.png]
[themes.webmasterdriver.net/BeEventwp/wp-content/plugins/js_composer/assets/images/icons/blue-document-pdf.png]
[themes.webmasterdriver.net/BeEventwp/wp-content/plugins/js_composer/assets/images/icons/blue-document-powerpoint.png]
[themes.webmasterdriver.net/BeEventwp/wp-content/plugins/js_composer/assets/images/icons/blue-document-word.png]
[themes.webmasterdriver.net/BeEventwp/wp-content/plugins/js_composer/assets/images/icons/bookmark.png]
[themes.webmasterdriver.net/BeEventwp/wp-content/plugins/js_composer/assets/images/icons/camcorder.png]
[themes.webmasterdriver.net/BeEventwp/wp-content/plugins/js_composer/assets/images/icons/camera.png]
[themes.webmasterdriver.net/BeEventwp/wp-content/plugins/js_composer/assets/images/icons/chart.png]
[themes.webmasterdriver.net/BeEventwp/wp-content/plugins/js_composer/assets/images/icons/chart-pie.png]
[themes.webmasterdriver.net/BeEventwp/wp-content/plugins/js_composer/assets/images/icons/clock.png]
[themes.webmasterdriver.net/BeEventwp/wp-content/plugins/js_composer/assets/images/icons/control.png]
[themes.webmasterdriver.net/BeEventwp/wp-content/plugins/js_composer/assets/images/icons/fire.png]
[themes.webmasterdriver.net/BeEventwp/wp-content/plugins/js_composer/assets/images/icons/heart.png]
[themes.webmasterdriver.net/BeEventwp/wp-content/plugins/js_composer/assets/images/icons/mail.png]
[themes.webmasterdriver.net/BeEventwp/wp-content/plugins/js_composer/assets/images/icons/plus-shield.png]
[themes.webmasterdriver.net/BeEventwp/wp-content/plugins/js_composer/assets/images/icons/video.png]
[themes.webmasterdriver.net/BeEventwp/wp-content/plugins/js_composer/assets/images/toggle_open.png]
[themes.webmasterdriver.net/BeEventwp/wp-content/plugins/js_composer/assets/images/toggle_close.png]
[themes.webmasterdriver.net/BeEventwp/wp-content/plugins/js_composer/assets/images/flickr.png]
[themes.webmasterdriver.net/BeEventwp/wp-content/plugins/js_composer/assets/css/js_composer.min972f.css]
[themes.webmasterdriver.net/BeEventwp/wp-content/uploads/js_composer/custom972f.css]
[themes.webmasterdriver.net/BeEventwp/wp-content/plugins/js_composer/assets/css/lib/isotope.min972f.css]
[themes.webmasterdriver.net/BeEventwp/wp-content/plugins/js_composer/assets/lib/prettyphoto/images/prettyPhoto/default/sprite.png]
[themes.webmasterdriver.net/BeEventwp/wp-content/plugins/js_composer/assets/lib/prettyphoto/images/prettyPhoto/default/sprite_x.png]
[themes.webmasterdriver.net/BeEventwp/wp-content/plugins/js_composer/assets/lib/prettyphoto/images/prettyPhoto/default/sprite_y.png]
[themes.webmasterdriver.net/BeEventwp/wp-content/plugins/js_composer/assets/lib/prettyphoto/images/prettyPhoto/default/sprite_next.png]
[themes.webmasterdriver.net/BeEventwp/wp-content/plugins/js_composer/assets/lib/prettyphoto/images/prettyPhoto/default/sprite_prev.png]
[themes.webmasterdriver.net/BeEventwp/wp-content/plugins/js_composer/assets/lib/prettyphoto/images/prettyPhoto/default/default_thumb.png]
[themes.webmasterdriver.net/BeEventwp/wp-content/plugins/js_composer/assets/lib/prettyphoto/images/prettyPhoto/default/loader.gif]
[themes.webmasterdriver.net/BeEventwp/wp-content/plugins/js_composer/assets/lib/prettyphoto/images/prettyPhoto/light_rounded/sprite.png]
[themes.webmasterdriver.net/BeEventwp/wp-content/plugins/js_composer/assets/lib/prettyphoto/images/prettyPhoto/light_rounded/btnNext.png]
[themes.webmasterdriver.net/BeEventwp/wp-content/plugins/js_composer/assets/lib/prettyphoto/images/prettyPhoto/light_rounded/btnPrevious.png]
[themes.webmasterdriver.net/BeEventwp/wp-content/plugins/js_composer/assets/lib/prettyphoto/images/prettyPhoto/light_rounded/loader.gif]
[themes.webmasterdriver.net/BeEventwp/wp-content/plugins/js_composer/assets/lib/prettyphoto/images/prettyPhoto/dark_rounded/sprite.png]
[themes.webmasterdriver.net/BeEventwp/wp-content/plugins/js_composer/assets/lib/prettyphoto/images/prettyPhoto/dark_rounded/contentPattern.png]
[themes.webmasterdriver.net/BeEventwp/wp-content/plugins/js_composer/assets/lib/prettyphoto/images/prettyPhoto/dark_rounded/btnNext.png]
[themes.webmasterdriver.net/BeEventwp/wp-content/plugins/js_composer/assets/lib/prettyphoto/images/prettyPhoto/dark_rounded/btnPrevious.png]
[themes.webmasterdriver.net/BeEventwp/wp-content/plugins/js_composer/assets/lib/prettyphoto/images/prettyPhoto/dark_rounded/loader.gif]
[themes.webmasterdriver.net/BeEventwp/wp-content/plugins/js_composer/assets/lib/prettyphoto/images/prettyPhoto/dark_square/loader.gif]
[themes.webmasterdriver.net/BeEventwp/wp-content/plugins/js_composer/assets/lib/prettyphoto/images/prettyPhoto/dark_square/sprite.png]
[themes.webmasterdriver.net/BeEventwp/wp-content/plugins/js_composer/assets/lib/prettyphoto/images/prettyPhoto/dark_square/btnNext.png]
[themes.webmasterdriver.net/BeEventwp/wp-content/plugins/js_composer/assets/lib/prettyphoto/images/prettyPhoto/dark_square/btnPrevious.png]
[themes.webmasterdriver.net/BeEventwp/wp-content/plugins/js_composer/assets/lib/prettyphoto/images/prettyPhoto/light_square/sprite.png]
[themes.webmasterdriver.net/BeEventwp/wp-content/plugins/js_composer/assets/lib/prettyphoto/images/prettyPhoto/light_square/btnNext.png]
[themes.webmasterdriver.net/BeEventwp/wp-content/plugins/js_composer/assets/lib/prettyphoto/images/prettyPhoto/light_square/btnPrevious.png]
[themes.webmasterdriver.net/BeEventwp/wp-content/plugins/js_composer/assets/lib/prettyphoto/images/prettyPhoto/facebook/sprite.png]
[themes.webmasterdriver.net/BeEventwp/wp-content/plugins/js_composer/assets/lib/prettyphoto/images/prettyPhoto/facebook/contentPatternTop.png]
[themes.webmasterdriver.net/BeEventwp/wp-content/plugins/js_composer/assets/lib/prettyphoto/images/prettyPhoto/facebook/contentPatternLeft.png]
[themes.webmasterdriver.net/BeEventwp/wp-content/plugins/js_composer/assets/lib/prettyphoto/images/prettyPhoto/facebook/contentPatternRight.png]
[themes.webmasterdriver.net/BeEventwp/wp-content/plugins/js_composer/assets/lib/prettyphoto/images/prettyPhoto/facebook/loader.gif]
[themes.webmasterdriver.net/BeEventwp/wp-content/plugins/js_composer/assets/lib/prettyphoto/images/prettyPhoto/facebook/btnNext.png]
[themes.webmasterdriver.net/BeEventwp/wp-content/plugins/js_composer/assets/lib/prettyphoto/images/prettyPhoto/facebook/btnPrevious.png]
[themes.webmasterdriver.net/BeEventwp/wp-content/plugins/js_composer/assets/lib/prettyphoto/images/prettyPhoto/facebook/contentPatternBottom.png]
[themes.webmasterdriver.net/BeEventwp/wp-content/plugins/js_composer/assets/lib/prettyphoto/images/prettyPhoto/facebook/default_thumbnail.gif]
[themes.webmasterdriver.net/BeEventwp/wp-content/plugins/js_composer/assets/lib/prettyphoto/css/prettyPhoto.min972f.css]
[themes.webmasterdriver.net/BeEventwp/wp-content/plugins/js_composer/assets/lib/owl-carousel2-dist/assets/owl.video.play.png]
[themes.webmasterdriver.net/BeEventwp/wp-content/plugins/js_composer/assets/lib/owl-carousel2-dist/assets/owl.min972f.css]
[themes.webmasterdriver.net/BeEventwp/wp-content/plugins/js_composer/assets/lib/bower/animate-css/animate.min972f.css]
[img1.wsimg.com/tcc/tcc_l.combined.1.0.6.min.js]
[themes.webmasterdriver.net/BeEventwp/wp-content/themes/beevent/assets/images/our-conference-bg.html]
[themes.webmasterdriver.net/BeEventwp/wp-content/themes/beevent/assets/images/conference-start-box-bg.html]
[themes.webmasterdriver.net/BeEventwp/wp-content/themes/beevent/assets/images/schedule_bg.html]
[themes.webmasterdriver.net/BeEventwp/wp-content/themes/beevent/assets/images/pricing_bg.html]
[themes.webmasterdriver.net/BeEventwp/wp-content/themes/beevent/assets/images/faq-video-box-bg.html]
[themes.webmasterdriver.net/BeEventwp/wp-content/themes/beevent/assets/images/faq_bg.html]
[themes.webmasterdriver.net/BeEventwp/wp-content/themes/beevent/assets/images/sponsor_bg.html]
[themes.webmasterdriver.net/BeEventwp/wp-content/themes/beevent/assets/images/venue_bg.html]
[themes.webmasterdriver.net/BeEventwp/wp-content/themes/beevent/assets/css/owl.video.play.html]
[themes.webmasterdriver.net/BeEventwp/wp-content/themes/beevent/assets/images/prettyPhoto/light_rounded/sprite.html]
[themes.webmasterdriver.net/BeEventwp/wp-content/themes/beevent/assets/images/prettyPhoto/light_rounded/btnNext.html]
[themes.webmasterdriver.net/BeEventwp/wp-content/themes/beevent/assets/images/prettyPhoto/light_rounded/btnPrevious.html]
[themes.webmasterdriver.net/BeEventwp/wp-content/themes/beevent/assets/images/prettyPhoto/light_rounded/loader.html]
[themes.webmasterdriver.net/BeEventwp/wp-content/themes/beevent/assets/images/prettyPhoto/dark_rounded/sprite.html]
[themes.webmasterdriver.net/BeEventwp/wp-content/themes/beevent/assets/images/prettyPhoto/dark_rounded/contentPattern.html]
[themes.webmasterdriver.net/BeEventwp/wp-content/themes/beevent/assets/images/prettyPhoto/dark_rounded/btnNext.html]
[themes.webmasterdriver.net/BeEventwp/wp-content/themes/beevent/assets/images/prettyPhoto/dark_rounded/btnPrevious.html]
[themes.webmasterdriver.net/BeEventwp/wp-content/themes/beevent/assets/images/prettyPhoto/dark_rounded/loader.html]
[themes.webmasterdriver.net/BeEventwp/wp-content/themes/beevent/assets/images/prettyPhoto/dark_square/loader.html]
[themes.webmasterdriver.net/BeEventwp/wp-content/themes/beevent/assets/images/prettyPhoto/dark_square/sprite.html]
[themes.webmasterdriver.net/BeEventwp/wp-content/themes/beevent/assets/images/prettyPhoto/dark_square/btnNext.html]
[themes.webmasterdriver.net/BeEventwp/wp-content/themes/beevent/assets/images/prettyPhoto/dark_square/btnPrevious.html]
[themes.webmasterdriver.net/BeEventwp/wp-content/themes/beevent/assets/images/prettyPhoto/light_square/sprite.html]
[themes.webmasterdriver.net/BeEventwp/wp-content/themes/beevent/assets/images/prettyPhoto/light_square/btnNext.html]
[themes.webmasterdriver.net/BeEventwp/wp-content/themes/beevent/assets/images/prettyPhoto/light_square/btnPrevious.html]
[themes.webmasterdriver.net/BeEventwp/wp-content/themes/beevent/assets/images/prettyPhoto/facebook/sprite.html]
[themes.webmasterdriver.net/BeEventwp/wp-content/themes/beevent/assets/images/prettyPhoto/facebook/contentPatternTop.html]
[themes.webmasterdriver.net/BeEventwp/wp-content/themes/beevent/assets/images/prettyPhoto/facebook/contentPatternLeft.html]
[themes.webmasterdriver.net/BeEventwp/wp-content/themes/beevent/assets/images/prettyPhoto/facebook/contentPatternRight.html]
[themes.webmasterdriver.net/BeEventwp/wp-content/themes/beevent/assets/images/prettyPhoto/facebook/loader.html]
[themes.webmasterdriver.net/BeEventwp/wp-content/themes/beevent/assets/images/prettyPhoto/facebook/btnNext.html]
[themes.webmasterdriver.net/BeEventwp/wp-content/themes/beevent/assets/images/prettyPhoto/facebook/btnPrevious.html]
[themes.webmasterdriver.net/BeEventwp/wp-content/themes/beevent/assets/images/prettyPhoto/facebook/contentPatternBottom.html]
[themes.webmasterdriver.net/BeEventwp/wp-content/themes/beevent/assets/images/prettyPhoto/facebook/default_thumbnail.html]
